<?xml version="1.0" encoding="utf-8"?><testsuites><testsuite name="pytest" errors="0" failures="0" skipped="0" tests="2" time="1.221" timestamp="2024-07-25T17:14:31.602160" hostname="ft-ssy-tdnb"><testcase classname="tests.test_conv_junit.TestConvJunit" name="test_all_subjects_recognized" time="0.415"><properties><property name="requirement" value="Req21" /></properties></testcase><testcase classname="tests.test_conv_junit.TestConvJunit" name="test_requirements_property_is_parsed" time="0.398"><properties><property name="requirement" value="Req21" /></properties></testcase></testsuite></testsuites>